<header>This is the header</header>
<footer>This is the footer</footer>